<?xml version="1.0" encoding="utf-8"?><testsuite errors="0" failures="0" name="pytest" skips="0" tests="36" time="1.548"><testcase classname="tests.tests.test_management_command.SyncPaymentMethods" file="tests/tests/test_management_command.py" line="7" name="test_on_empty_database" time="0.514573335647583"><system-out>Creating test database for alias &apos;default&apos;...
</system-out></testcase><testcase classname="tests.tests.test_management_command.SyncPaymentMethods" file="tests/tests/test_management_command.py" line="17" name="test_on_existing_database" time="0.09972357749938965"></testcase><testcase classname="tests.tests.test_models.AdyenNofiticationTests" file="tests/tests/test_models.py" line="9" name="test_str" time="0.0033702850341796875"></testcase><testcase classname="tests.tests.test_models.AdyenOrderTests" file="tests/tests/test_models.py" line="31" name="test_can_not_overwrite_authorised_status" time="0.037400007247924805"><system-err>Order ref: 2668decd-3022-4d06-89ca-352f033631a6 | Tried to change the status from &apos;Authorised&apos; to &apos;cancel&apos;. 
</system-err></testcase><testcase classname="tests.tests.test_models.AdyenOrderTests" file="tests/tests/test_models.py" line="20" name="test_refetch_old_status" time="0.006536006927490234"><system-err>Order ref: e747f8b3-511c-46d6-8e8b-4a2afbddef34 | Changed the status from &apos;created&apos; to &apos;authorised&apos;
</system-err></testcase><testcase classname="tests.tests.test_models.AdyenOrderTests" file="tests/tests/test_models.py" line="15" name="test_str" time="0.004607677459716797"></testcase><testcase classname="tests.tests.test_models.AdyenIssuerTests" file="tests/tests/test_models.py" line="42" name="test_str" time="0.01299142837524414"></testcase><testcase classname="tests.tests.test_models.AdyenPaymentOptionTests" file="tests/tests/test_models.py" line="48" name="test_str" time="0.006686210632324219"></testcase><testcase classname="tests.tests.test_notification_views.RedirectViewTests" file="tests/tests/test_notification_views.py" line="16" name="test_post_notification" time="0.04797506332397461"></testcase><testcase classname="tests.tests.test_notification_views.RedirectViewTests" file="tests/tests/test_notification_views.py" line="10" name="test_post_notification_empty" time="0.010258197784423828"></testcase><testcase classname="tests.tests.test_views.MyRedirectViewTests" file="tests/tests/test_views.py" line="15" name="test_redirection_page" time="0.058211326599121094"></testcase><testcase classname="tests.tests.test_views.MyRedirectViewTests" file="tests/tests/test_views.py" line="45" name="test_redirection_page_adyen_enabled" time="0.023592710494995117"></testcase><testcase classname="tests.tests.test_views.MyRedirectViewTests" file="tests/tests/test_views.py" line="81" name="test_redirection_page_post_with_adyen_enabled" time="0.024974822998046875"></testcase><testcase classname="tests.tests.test_views.MyRedirectViewTests" file="tests/tests/test_views.py" line="23" name="test_redirection_page_with_brand_code" time="0.032912492752075195"></testcase><testcase classname="tests.tests.test_views.MyRedirectViewTests" file="tests/tests/test_views.py" line="55" name="test_redirection_page_with_brand_code_adyen_enabled" time="0.026648283004760742"></testcase><testcase classname="tests.tests.test_views.MyRedirectViewTests" file="tests/tests/test_views.py" line="33" name="test_redirection_page_with_issuer" time="0.03873610496520996"></testcase><testcase classname="tests.tests.test_views.MyRedirectViewTests" file="tests/tests/test_views.py" line="67" name="test_redirection_page_with_issuer_adyen_enabled" time="0.030547142028808594"></testcase><testcase classname="tests.tests.test_views.My2RedirectViewTests" file="tests/tests/test_views.py" line="97" name="test_redirection_page" time="0.025730133056640625"></testcase><testcase classname="tests.tests.test_views.ConfirmationView" file="tests/tests/test_views.py" line="161" name="test_authorised_response" time="0.008483409881591797"><system-err>Order ref: 4c2e9332-7410-410b-a787-7809dc1a60eb | Changed the status from &apos;created&apos; to &apos;authorised&apos;
</system-err></testcase><testcase classname="tests.tests.test_views.ConfirmationView" file="tests/tests/test_views.py" line="140" name="test_cancelled_response" time="0.008929252624511719"><system-err>Order ref: 3acc5c86-83ff-4b6f-8f57-e5a684e85ca2 | Changed the status from &apos;created&apos; to &apos;cancel&apos;
</system-err></testcase><testcase classname="tests.tests.test_views.ConfirmationView" file="tests/tests/test_views.py" line="121" name="test_empty_get" time="0.009380340576171875"></testcase><testcase classname="tests.tests.test_views.ConfirmationView" file="tests/tests/test_views.py" line="133" name="test_error_response" time="0.012162923812866211"><system-err>Order ref: c8897707-bcf9-466f-b2c8-ebbf50423d91 | Changed the status from &apos;created&apos; to &apos;error&apos;
</system-err></testcase><testcase classname="tests.tests.test_views.ConfirmationView" file="tests/tests/test_views.py" line="168" name="test_other_response" time="0.013733386993408203"><system-err>Please implement the following authResult: OTHER
Order ref: ff6e3174-51d9-486b-a9f4-918547577d97 | Changed the status from &apos;created&apos; to &apos;pending&apos;
</system-err></testcase><testcase classname="tests.tests.test_views.ConfirmationView" file="tests/tests/test_views.py" line="154" name="test_pending_response" time="0.016545534133911133"><system-err>Order ref: 93199575-e346-4db1-8b51-3b25ab964706 | Changed the status from &apos;created&apos; to &apos;pending&apos;
</system-err></testcase><testcase classname="tests.tests.test_views.ConfirmationView" file="tests/tests/test_views.py" line="175" name="test_post" time="0.009357452392578125"><system-err>Order ref: e29c50fe-0ffa-4bfc-9cb9-3deced8c50cf | Changed the status from &apos;created&apos; to &apos;authorised&apos;
</system-err></testcase><testcase classname="tests.tests.test_views.ConfirmationView" file="tests/tests/test_views.py" line="147" name="test_refused_response" time="0.009563446044921875"><system-err>Order ref: f33556e4-7cdd-4d35-b441-d4bd7a66d73c | Changed the status from &apos;created&apos; to &apos;refused&apos;
</system-err></testcase><testcase classname="tests.tests.test_views.ConfirmationView" file="tests/tests/test_views.py" line="125" name="test_wrong_signature_response" time="0.009049177169799805"><system-err>Order ref: 4d71b76a-5b2a-4645-96f0-4c2cdf16243e | Changed the status from &apos;created&apos; to &apos;error&apos;
</system-err></testcase><testcase classname="tests.tests.test_views.Confirmation2View" file="tests/tests/test_views.py" line="233" name="test_authorised_response" time="0.00623774528503418"></testcase><testcase classname="tests.tests.test_views.Confirmation2View" file="tests/tests/test_views.py" line="215" name="test_cancelled_response" time="0.006147623062133789"></testcase><testcase classname="tests.tests.test_views.Confirmation2View" file="tests/tests/test_views.py" line="198" name="test_empty_get" time="0.006330251693725586"></testcase><testcase classname="tests.tests.test_views.Confirmation2View" file="tests/tests/test_views.py" line="209" name="test_error_response" time="0.0053141117095947266"></testcase><testcase classname="tests.tests.test_views.Confirmation2View" file="tests/tests/test_views.py" line="239" name="test_other_response" time="0.008091926574707031"><system-err>Please implement the following authResult: OTHER
</system-err></testcase><testcase classname="tests.tests.test_views.Confirmation2View" file="tests/tests/test_views.py" line="227" name="test_pending_response" time="0.004841804504394531"></testcase><testcase classname="tests.tests.test_views.Confirmation2View" file="tests/tests/test_views.py" line="221" name="test_refused_response" time="0.006970405578613281"></testcase><testcase classname="tests.tests.test_views.Confirmation2View" file="tests/tests/test_views.py" line="202" name="test_wrong_signature_response" time="0.004812717437744141"></testcase><testcase classname="tests.tests.test_views.Confirmation3View" file="tests/tests/test_views.py" line="250" name="test_empty_get" time="0.008068084716796875"></testcase></testsuite>